// Jest Snapshot v1, https://goo.gl/fbAQLP

exports[`react-test-renderer 1`] = `
<h1
  className="app_root"
>
  Test
</h1>
`;
